admin@lhl:~/Downloads/PerScholas SysAdmin/Git/berm-testing
$ eval "$(ssh-agent -s)"
Agent pid 13129
admin@lhl:~/Downloads/PerScholas SysAdmin/Git/berm-testing
$ eval "$(ssh-agent -s)"
Agent pid 13144
admin@lhl:~/Downloads/PerScholas SysAdmin/Git/berm-testing
$ git remote add origin https://github.com/cycle-13/berm-testing.git
admin@lhl:~/Downloads/PerScholas SysAdmin/Git/berm-testing
$ git remote -v
origin	https://github.com/cycle-13/berm-testing.git (fetch)
origin	https://github.com/cycle-13/berm-testing.git (push)
admin@lhl:~/Downloads/PerScholas SysAdmin/Git/berm-testing
$ git pull origin master
remote: Enumerating objects: 12, done.
remote: Counting objects: 100% (12/12), done.
remote: Compressing objects: 100% (5/5), done.
remote: Total 12 (delta 2), reused 9 (delta 2), pack-reused 0
Unpacking objects: 100% (12/12), done.
From https://github.com/cycle-13/berm-testing
 * branch            master     -> FETCH_HEAD
 * [new branch]      master     -> origin/master
admin@lhl:~/Downloads/PerScholas SysAdmin/Git/berm-testing
$ git config --global user.email "11682147+bermp@users.noreply.github.com"
admin@lhl:~/Downloads/PerScholas SysAdmin/Git/berm-testing
$ git config --global user.name "bermp"
admin@lhl:~/Downloads/PerScholas SysAdmin/Git/berm-testing
$ git commit -m "commit5"
On branch master
Changes not staged for commit:
	modified:   README.md

Untracked files:
	envrconfig.md
	github-setup.md
	time-tracking.md

no changes added to commit
admin@lhl:~/Downloads/PerScholas SysAdmin/Git/berm-testing
$ git add -a
error: unknown switch `a'
usage: git add [<options>] [--] <pathspec>...

    -n, --dry-run         dry run
    -v, --verbose         be verbose

    -i, --interactive     interactive picking
    -p, --patch           select hunks interactively
    -e, --edit            edit current diff and apply
    -f, --force           allow adding otherwise ignored files
    -u, --update          update tracked files
    -N, --intent-to-add   record only the fact that the path will be added later
    -A, --all             add changes from all tracked and untracked files
    --ignore-removal      ignore paths removed in the working tree (same as --no-all)
    --refresh             don't add, only refresh the index
    --ignore-errors       just skip files which cannot be added because of errors
    --ignore-missing      check if - even missing - files are ignored in dry run
    --chmod <(+/-)x>      override the executable bit of the listed files

admin@lhl:~/Downloads/PerScholas SysAdmin/Git/berm-testing
$ git add -A
admin@lhl:~/Downloads/PerScholas SysAdmin/Git/berm-testing
$ git commit -m "commit5"
[master eaa6c25] commit5
 4 files changed, 156 insertions(+), 16 deletions(-)
 rewrite README.md (99%)
 create mode 100755 envrconfig.md
 create mode 100644 github-setup.md
 copy README.md => time-tracking.md (100%)
admin@lhl:~/Downloads/PerScholas SysAdmin/Git/berm-testing
$ git push
fatal: The current branch master has no upstream branch.
To push the current branch and set the remote as upstream, use

    git push --set-upstream origin master

admin@lhl:~/Downloads/PerScholas SysAdmin/Git/berm-testing
$ git push origin master
Username for 'https://github.com': sysad.pluviose@gmail.com
Password for 'https://sysad.pluviose@gmail.com@github.com': 
Counting objects: 5, done.
Delta compression using up to 4 threads.
Compressing objects: 100% (5/5), done.
Writing objects: 100% (5/5), 2.02 KiB | 0 bytes/s, done.
Total 5 (delta 0), reused 0 (delta 0)
To https://github.com/cycle-13/berm-testing.git
   e1df88e..eaa6c25  master -> master
admin@lhl:~/Downloads/PerScholas SysAdmin/Git/berm-testing
$ 
